
> NewPremUpgradation@0.0.1 start
> react-native start --port 8081


Welcome to React Native v0.85
Starting dev server on http://localhost:8081


                        ▒▒▓▓▓▓▒▒
                     ▒▓▓▓▒▒░░▒▒▓▓▓▒
                  ▒▓▓▓▓░░░▒▒▒▒░░░▓▓▓▓▒
                 ▓▓▒▒▒▓▓▓▓▓▓▓▓▓▓▓▓▒▒▒▓▓
                 ▓▓░░░░░▒▓▓▓▓▓▓▒░░░░░▓▓
                 ▓▓░░▓▓▒░░░▒▒░░░▒▓▒░░▓▓
                 ▓▓░░▓▓▓▓▓▒▒▒▒▓▓▓▓▒░░▓▓
                 ▓▓░░▓▓▓▓▓▓▓▓▓▓▓▓▓▒░░▓▓
                 ▓▓▒░░▒▒▓▓▓▓▓▓▓▓▒░░░▒▓▓
                  ▒▓▓▓▒░░░▒▓▓▒░░░▒▓▓▓▒
                     ▒▓▓▓▒░░░░▒▓▓▓▒
                        ▒▒▓▓▓▓▒▒


                Welcome to Metro v0.84.4
              Fast - Scalable - Integrated


 ERROR  An unexpected error occurred while installing the latest version of React Native DevTools. Using a fallback version instead. Details:

dotslash error: 'fetch' command failed
caused by: failed to create directory `C:\Users\pappu\AppData\Local\dotslash\1f`
caused by: Access is denied. (os error 5)

 INFO  Dev server ready. Press Ctrl+C to exit.
 INFO  Key commands available:

   r  - reload app(s)
   d  - open Dev Menu
   j  - open DevTools

